Diversity check: 18 candidates
  non-MNQ:    14  (≥4) ✓
  non-ORB:    9  (≥3) ✓
  session-div: 4  (≥3) ✓
  mean-rev:   3  (≥3) ✓
  tail/PR:    2  (≥2) ✓
  non-index:  6  (≥2) ✓

[1/18] XB-BB-EMA-Ladder-MGC
[2/18] XB-ORB-Afternoon-Chandelier-MNQ
[3/18] XB-ORB-EMA-Ladder-MES
[4/18] XB-ORB-EMA-Ladder-M2K
[5/18] XB-ORB-EMA-Ladder-MGC
[6/18] XB-PB-EMA-Ladder-MES
[7/18] XB-PB-EMA-Chandelier-MES
[8/18] XB-VWAP-EMA-Ladder-MES
[9/18] XB-BB-EMA-Ladder-MNQ
[10/18] XB-BB-EMA-Midline-MGC
[11/18] XB-ORB-Afternoon-Chandelier-MES
[12/18] XB-PB-Afternoon-Chandelier-MNQ
[13/18] XB-ORB-Morning-Ladder-MNQ
[14/18] XB-ORB-EMA-TimeStop-MES
[15/18] XB-ORB-EMA-ATRTrail-MES
[16/18] XB-PB-EMA-Ladder-MCL
[17/18] XB-PB-EMA-Chandelier-MCL
[18/18] XB-ORB-EMA-Ladder-MCL

========================================================================================================================
PHASE 3 SPRINT RESULTS
========================================================================================================================

--- XB-ORB-EMA-Ladder-MGC [non-MNQ,non-index] ---
    asset=MGC, entry=orb_breakout, filter=ema_slope, exit=profit_ladder
    n=652, PF=1.601, net=$12172, median=$8.76, mean=$18.67
    cost=14.8%, top-3=20.0%, top-10=48.9%, max-year=28.2%, years 8/8
    H1=1.536, H2=1.639
    ARCHETYPE=WORKHORSE, VERDICT=PASS_TO_FORWARD_CLOCK
    BLOCKER: None

--- XB-ORB-EMA-Ladder-MES [non-MNQ] ---
    asset=MES, entry=orb_breakout, filter=ema_slope, exit=profit_ladder
    n=1242, PF=1.575, net=$28855, median=$23.76, mean=$23.23
    cost=13.9%, top-3=9.9%, top-10=22.7%, max-year=21.6%, years 8/8
    H1=1.504, H2=1.641
    ARCHETYPE=WORKHORSE, VERDICT=PASS_TO_FORWARD_CLOCK
    BLOCKER: None

--- XB-ORB-EMA-ATRTrail-MES [non-MNQ,tail-payoff-likely] ---
    asset=MES, entry=orb_breakout, filter=ema_slope, exit=atr_trail
    n=1242, PF=1.413, net=$13869, median=$-4.99, mean=$11.17
    cost=25.1%, top-3=11.1%, top-10=32.5%, max-year=25.4%, years 8/8
    H1=1.313, H2=1.509
    ARCHETYPE=PAYOFF_RATIO_WORKHORSE_FREQUENCY, VERDICT=PASS_TO_FORWARD_CLOCK
    BLOCKER: archetype=PAYOFF_RATIO_WORKHORSE_FREQUENCY — Track 2 only, not paper-eligible without archetype review

--- XB-ORB-EMA-TimeStop-MES [non-MNQ,tail-payoff-likely] ---
    asset=MES, entry=orb_breakout, filter=ema_slope, exit=time_stop
    n=1242, PF=1.360, net=$12012, median=$-5.62, mean=$9.67
    cost=27.9%, top-3=12.8%, top-10=35.8%, max-year=26.2%, years 8/8
    H1=1.277, H2=1.438
    ARCHETYPE=PAYOFF_RATIO_WORKHORSE_FREQUENCY, VERDICT=PASS_TO_FORWARD_CLOCK
    BLOCKER: archetype=PAYOFF_RATIO_WORKHORSE_FREQUENCY — Track 2 only, not paper-eligible without archetype review

--- XB-ORB-EMA-Ladder-M2K [non-MNQ] ---
    asset=M2K, entry=orb_breakout, filter=ema_slope, exit=profit_ladder
    n=1175, PF=1.292, net=$9788, median=$6.76, mean=$8.33
    cost=28.0%, top-3=11.7%, top-10=32.3%, max-year=29.8%, years 8/8
    H1=1.307, H2=1.278
    ARCHETYPE=WORKHORSE, VERDICT=PASS_TO_FORWARD_CLOCK
    BLOCKER: None

--- XB-ORB-EMA-Ladder-MCL [non-index,non-MNQ] ---
    asset=MCL, entry=orb_breakout, filter=ema_slope, exit=profit_ladder
    n=923, PF=1.289, net=$8875, median=$9.76, mean=$9.62
    cost=35.3%, top-3=13.9%, top-10=39.7%, max-year=27.7%, years 5/6
    H1=1.381, H2=1.175
    ARCHETYPE=WORKHORSE, VERDICT=PASS_TO_FORWARD_CLOCK
    BLOCKER: None

--- XB-PB-EMA-Ladder-MES [non-MNQ,non-ORB] ---
    asset=MES, entry=pb_pullback, filter=ema_slope, exit=profit_ladder
    n=1487, PF=1.152, net=$6731, median=$-3.74, mean=$4.53
    cost=45.2%, top-3=26.7%, top-10=70.1%, max-year=67.8%, years 4/8
    H1=1.020, H2=1.295
    ARCHETYPE=PAYOFF_RATIO_WORKHORSE_FREQUENCY, VERDICT=MUTATE
    BLOCKER: PF 1.15 < 1.2 even for payoff-ratio archetype

--- XB-PB-EMA-Chandelier-MES [non-MNQ,non-ORB] ---
    asset=MES, entry=pb_pullback, filter=ema_slope, exit=chandelier
    n=1487, PF=1.149, net=$6334, median=$-13.74, mean=$4.26
    cost=46.8%, top-3=34.9%, top-10=81.3%, max-year=62.3%, years 5/8
    H1=1.056, H2=1.242
    ARCHETYPE=PAYOFF_RATIO_WORKHORSE_FREQUENCY, VERDICT=MUTATE
    BLOCKER: PF 1.15 < 1.2 even for payoff-ratio archetype

--- XB-ORB-Afternoon-Chandelier-MNQ [M2,afternoon] ---
    asset=MNQ, entry=orb_breakout, filter=session_afternoon, exit=chandelier
    n=1722, PF=1.053, net=$4113, median=$-23.74, mean=$2.39
    cost=48.4%, top-3=79.8%, top-10=192.8%, max-year=79.1%, years 4/8
    H1=0.933, H2=1.165
    ARCHETYPE=PAYOFF_RATIO_WORKHORSE_FREQUENCY, VERDICT=MUTATE
    BLOCKER: PF 1.05 < 1.2 even for payoff-ratio archetype

--- XB-ORB-Morning-Ladder-MNQ [morning-session] ---
    asset=MNQ, entry=orb_breakout, filter=session_morning, exit=profit_ladder
    n=1649, PF=1.028, net=$4269, median=$10.26, mean=$2.59
    cost=46.4%, top-3=89.4%, top-10=235.5%, max-year=118.5%, years 4/8
    H1=0.952, H2=1.098
    ARCHETYPE=WORKHORSE, VERDICT=MUTATE
    BLOCKER: PF 1.03 < workhorse gate 1.2; try exit/filter variant

--- XB-BB-EMA-Midline-MGC [mean-rev,non-MNQ,non-ORB,non-index] ---
    asset=MGC, entry=bb_reversion, filter=ema_slope, exit=midline_target
    n=295, PF=1.592, net=$3597, median=$14.76, mean=$12.19
    cost=21.0%, top-3=50.4%, top-10=95.1%, max-year=69.7%, years 6/8
    H1=1.009, H2=2.119
    ARCHETYPE=TAIL_ENGINE, VERDICT=DEFER
    BLOCKER: max-year 69.7% > 40% gate

--- XB-BB-EMA-Ladder-MGC [M1,mean-rev,non-index,non-MNQ,non-ORB] ---
    asset=MGC, entry=bb_reversion, filter=ema_slope, exit=profit_ladder
    n=295, PF=1.521, net=$4440, median=$3.76, mean=$15.05
    cost=17.7%, top-3=68.8%, top-10=124.9%, max-year=87.8%, years 7/8
    H1=1.158, H2=1.767
    ARCHETYPE=TAIL_ENGINE, VERDICT=DEFER
    BLOCKER: max-year 87.8% > 40% gate

--- XB-BB-EMA-Ladder-MNQ [mean-rev,non-ORB] ---
    asset=MNQ, entry=bb_reversion, filter=ema_slope, exit=profit_ladder
    n=672, PF=1.237, net=$8788, median=$3.01, mean=$13.08
    cost=14.6%, top-3=44.5%, top-10=94.8%, max-year=25.4%, years 7/8
    H1=1.265, H2=1.216
    ARCHETYPE=WORKHORSE, VERDICT=DEFER
    BLOCKER: top-3 44.5% > 30% gate

--- XB-VWAP-EMA-Ladder-MES [non-MNQ,non-ORB] ---
    asset=MES, entry=vwap_continuation, filter=ema_slope, exit=profit_ladder
    n=885, PF=1.088, net=$2373, median=$-2.49, mean=$2.68
    cost=58.2%, top-3=71.7%, top-10=175.3%, max-year=128.3%, years 3/8
    H1=0.880, H2=1.345
    ARCHETYPE=PAYOFF_RATIO_WORKHORSE_FREQUENCY, VERDICT=KILL
    BLOCKER: cost ratio 58.2% > 50% (cost eats edge)

--- XB-PB-EMA-Ladder-MCL [non-index,non-MNQ,non-ORB] ---
    asset=MCL, entry=pb_pullback, filter=ema_slope, exit=profit_ladder
    n=1074, PF=1.073, net=$1966, median=$0.76, mean=$1.83
    cost=74.1%, top-3=66.6%, top-10=167.6%, max-year=54.1%, years 3/6
    H1=1.115, H2=1.013
    ARCHETYPE=WORKHORSE, VERDICT=KILL
    BLOCKER: cost ratio 74.1% > 50% (cost eats edge)

--- XB-PB-Afternoon-Chandelier-MNQ [afternoon,non-ORB] ---
    asset=MNQ, entry=pb_pullback, filter=session_afternoon, exit=chandelier
    n=2120, PF=1.024, net=$2183, median=$-20.99, mean=$1.03
    cost=68.5%, top-3=136.7%, top-10=343.9%, max-year=146.3%, years 5/8
    H1=0.899, H2=1.137
    ARCHETYPE=PAYOFF_RATIO_WORKHORSE_FREQUENCY, VERDICT=KILL
    BLOCKER: cost ratio 68.5% > 50% (cost eats edge)

--- XB-ORB-Afternoon-Chandelier-MES [afternoon,non-MNQ] ---
    asset=MES, entry=orb_breakout, filter=session_afternoon, exit=chandelier
    n=1826, PF=1.001, net=$28, median=$-14.99, mean=$0.02
    cost=99.6%, top-3=7037.4%, top-10=16215.9%, max-year=6476.3%, years 3/8
    H1=0.945, H2=1.055
    ARCHETYPE=PAYOFF_RATIO_WORKHORSE_FREQUENCY, VERDICT=KILL
    BLOCKER: cost ratio 99.6% > 50% (cost eats edge)

--- XB-PB-EMA-Chandelier-MCL [non-index,non-MNQ,non-ORB] ---
    asset=MCL, entry=pb_pullback, filter=ema_slope, exit=chandelier
    n=1074, PF=0.994, net=$-157, median=$-13.74, mean=$-0.15
    cost=102.9%, top-3=0.0%, top-10=0.0%, max-year=0.0%, years 2/6
    H1=1.006, H2=0.977
    ARCHETYPE=UNKNOWN, VERDICT=KILL
    BLOCKER: PF 0.99 < 1.0 (not profitable)

========================================================================================================================
CORRELATION GUARD — clusters in PASS set
========================================================================================================================
  CLUSTER ('MES', 'orb_breakout', 'ema_slope'): ['XB-ORB-EMA-Ladder-MES', 'XB-ORB-EMA-ATRTrail-MES', 'XB-ORB-EMA-TimeStop-MES']

Saved: docs/reports/2026-05-28_offensive_sprint_v2_phase3.json
