[2026-03-20 12:06:28] Kickstarting claw control loop...
[2026-03-20 12:06:28] Claw loop recovery FAILED — log still 60m old
[2026-03-27 16:04:23] Kickstarting claw control loop...
[2026-03-27 16:04:23] Claw loop recovered — fresh log at /Users/chasefisher/projects/Algo Trading/algo-lab/research/logs/claw_loop_20260327_1604.log
[2026-03-27 16:52:17] Kickstarting claw control loop...
[2026-03-27 16:52:17] Claw loop recovered — fresh log at /Users/chasefisher/projects/Algo Trading/algo-lab/research/logs/claw_loop_20260327_1652.log
[2026-03-28 06:24:49] Kickstarting claw control loop...
[2026-03-28 06:24:49] Claw loop recovered — fresh log at /Users/chasefisher/projects/Algo Trading/algo-lab/research/logs/claw_loop_20260328_0624.log
[2026-03-28 10:17:22] Kickstarting claw control loop...
[2026-03-28 10:17:22] Claw loop recovered — fresh log at /Users/chasefisher/projects/Algo Trading/algo-lab/research/logs/claw_loop_20260328_1017.log
[2026-03-28 11:15:22] Kickstarting claw control loop...
[2026-03-28 11:15:22] Claw loop recovered — fresh log at /Users/chasefisher/projects/Algo Trading/algo-lab/research/logs/claw_loop_20260328_1115.log
[2026-03-28 12:49:31] Kickstarting claw control loop...
[2026-03-28 12:49:31] Claw loop recovered — fresh log at /Users/chasefisher/projects/Algo Trading/algo-lab/research/logs/claw_loop_20260328_1250.log
[2026-03-28 13:52:09] Kickstarting claw control loop...
[2026-03-28 13:52:09] Claw loop recovered — fresh log at /Users/chasefisher/projects/Algo Trading/algo-lab/research/logs/claw_loop_20260328_1352.log
[2026-03-28 15:05:48] Kickstarting claw control loop...
[2026-03-28 15:05:48] Claw loop recovered — fresh log at /Users/chasefisher/projects/Algo Trading/algo-lab/research/logs/claw_loop_20260328_1505.log
[2026-03-28 16:03:12] Kickstarting claw control loop...
[2026-03-28 16:03:12] Claw loop recovered — fresh log at /Users/chasefisher/projects/Algo Trading/algo-lab/research/logs/claw_loop_20260328_1603.log
[2026-03-29 02:45:06] Kickstarting claw control loop...
[2026-03-29 02:45:06] Claw loop recovered — fresh log at /Users/chasefisher/projects/Algo Trading/algo-lab/research/logs/claw_loop_20260329_0245.log
[2026-03-29 03:43:14] Kickstarting claw control loop...
[2026-03-29 03:43:14] Claw loop recovered — fresh log at /Users/chasefisher/projects/Algo Trading/algo-lab/research/logs/claw_loop_20260329_0343.log
[2026-03-29 13:53:55] Kickstarting claw control loop...
[2026-03-29 13:53:55] Claw loop recovered — fresh log at /Users/chasefisher/projects/Algo Trading/algo-lab/research/logs/claw_loop_20260329_1353.log
[2026-03-29 20:19:45] Kickstarting claw control loop...
[2026-03-29 20:19:45] Claw loop recovered — fresh log at /Users/chasefisher/projects/Algo Trading/algo-lab/research/logs/claw_loop_20260329_2019.log
[2026-03-30 03:30:33] Kickstarting claw control loop...
[2026-03-30 03:30:33] Claw loop recovered — fresh log at /Users/chasefisher/projects/Algo Trading/algo-lab/research/logs/claw_loop_20260330_0330.log
[2026-03-30 19:47:43] Kickstarting claw control loop...
[2026-03-30 19:47:43] Claw loop recovery FAILED — log still 60m old
[2026-03-31 14:23:27] Kickstarting claw control loop...
[2026-03-31 14:23:27] Claw loop recovery FAILED — log still 60m old
[2026-04-01 06:17:26] Kickstarting claw control loop...
[2026-04-01 06:17:26] Claw loop recovered — fresh log at /Users/chasefisher/projects/Algo Trading/algo-lab/research/logs/claw_loop_20260401_0617.log
[2026-04-02 03:20:39] Kickstarting claw control loop...
[2026-04-02 03:20:39] Claw loop recovered — fresh log at /Users/chasefisher/projects/Algo Trading/algo-lab/research/logs/claw_loop_20260402_0320.log
[2026-04-02 18:09:48] Kickstarting claw control loop...
[2026-04-02 18:09:48] Claw loop recovered — fresh log at /Users/chasefisher/projects/Algo Trading/algo-lab/research/logs/claw_loop_20260402_1809.log
[2026-04-02 18:09:48] Firing catch-up: daily research...
[2026-04-03 11:06:08] Kickstarting claw control loop...
[2026-04-03 11:06:08] Claw loop recovered — fresh log at /Users/chasefisher/projects/Algo Trading/algo-lab/research/logs/claw_loop_20260403_1106.log
[2026-04-04 07:48:30] Kickstarting claw control loop...
[2026-04-04 07:48:30] Claw loop recovered — fresh log at /Users/chasefisher/projects/Algo Trading/algo-lab/research/logs/claw_loop_20260404_0748.log
[2026-04-04 12:38:45] Kickstarting claw control loop...
[2026-04-04 12:38:45] Claw loop recovered — fresh log at /Users/chasefisher/projects/Algo Trading/algo-lab/research/logs/claw_loop_20260404_1238.log
[2026-04-04 15:01:48] Kickstarting claw control loop...
[2026-04-04 15:01:48] Claw loop recovery FAILED — log still 54m old
[2026-04-04 18:15:04] Kickstarting claw control loop...
[2026-04-04 18:15:04] Claw loop recovered — fresh log at /Users/chasefisher/projects/Algo Trading/algo-lab/research/logs/claw_loop_20260404_1815.log
[2026-04-05 02:04:37] Kickstarting claw control loop...
[2026-04-05 02:04:37] Claw loop recovery FAILED — log still 28m old
[2026-04-05 08:08:19] Kickstarting claw control loop...
[2026-04-05 08:08:19] Claw loop recovered — fresh log at /Users/chasefisher/projects/Algo Trading/algo-lab/research/logs/claw_loop_20260405_0808.log
[2026-04-05 11:05:43] Kickstarting claw control loop...
[2026-04-05 11:05:43] Claw loop recovered — fresh log at /Users/chasefisher/projects/Algo Trading/algo-lab/research/logs/claw_loop_20260405_1105.log
[2026-04-05 14:46:17] Kickstarting claw control loop...
[2026-04-05 14:46:17] Claw loop recovered — fresh log at /Users/chasefisher/projects/Algo Trading/algo-lab/research/logs/claw_loop_20260405_1446.log
[2026-04-05 17:23:26] Kickstarting claw control loop...
[2026-04-05 17:23:26] Claw loop recovered — fresh log at /Users/chasefisher/projects/Algo Trading/algo-lab/research/logs/claw_loop_20260405_1723.log
[2026-04-05 19:42:19] Kickstarting claw control loop...
[2026-04-05 19:42:19] Claw loop recovered — fresh log at /Users/chasefisher/projects/Algo Trading/algo-lab/research/logs/claw_loop_20260405_1942.log
[2026-04-06 05:03:25] Kickstarting claw control loop...
[2026-04-06 05:03:25] Claw loop recovered — fresh log at /Users/chasefisher/projects/Algo Trading/algo-lab/research/logs/claw_loop_20260406_0503.log
[2026-04-08 07:01:30] Restarting OpenClaw gateway...
[2026-04-08 07:01:30] Gateway recovery FAILED. Health: 
[2026-04-08 07:06:46] CLEARED: gateway recovered after 1 failure(s)
[2026-04-10 07:10:25] Restarting OpenClaw gateway...
[2026-04-10 07:10:25] Gateway recovery FAILED. Health: 
[2026-04-10 07:16:35] Restarting OpenClaw gateway...
[2026-04-10 07:16:35] Gateway recovery FAILED. Health: 
[2026-04-10 07:21:52] CLEARED: gateway recovered after 2 failure(s)
[2026-04-11 06:22:54] Kickstarting claw control loop...
[2026-04-11 06:22:54] Claw loop recovered — fresh log at /Users/chasefisher/projects/Algo Trading/algo-lab/research/logs/claw_loop_20260411_0622.log
[2026-04-11 10:09:56] Kickstarting claw control loop...
[2026-04-11 10:09:56] Claw loop recovered — fresh log at /Users/chasefisher/projects/Algo Trading/algo-lab/research/logs/claw_loop_20260411_1009.log
[2026-04-11 12:13:00] Kickstarting claw control loop...
[2026-04-11 12:13:00] Claw loop recovered — fresh log at /Users/chasefisher/projects/Algo Trading/algo-lab/research/logs/claw_loop_20260411_1228.log
[2026-04-11 17:00:05] Restarting OpenClaw gateway...
[2026-04-11 17:00:05] Gateway recovery FAILED. Health: 
[2026-04-11 17:00:05] Kickstarting claw control loop...
[2026-04-11 17:00:05] Claw loop recovered — fresh log at /Users/chasefisher/projects/Algo Trading/algo-lab/research/logs/claw_loop_20260411_1700.log
[2026-04-11 18:43:59] CLEARED: gateway recovered after 1 failure(s)
[2026-04-11 18:43:59] Kickstarting claw control loop...
[2026-04-11 18:43:59] Claw loop recovered — fresh log at /Users/chasefisher/projects/Algo Trading/algo-lab/research/logs/claw_loop_20260411_1843.log
[2026-04-12 06:02:55] Kickstarting claw control loop...
[2026-04-12 06:02:55] Claw loop recovered — fresh log at /Users/chasefisher/projects/Algo Trading/algo-lab/research/logs/claw_loop_20260412_0602.log
[2026-04-12 08:24:52] Kickstarting claw control loop...
[2026-04-12 08:24:52] Claw loop recovered — fresh log at /Users/chasefisher/projects/Algo Trading/algo-lab/research/logs/claw_loop_20260412_0824.log
[2026-04-12 09:42:12] Kickstarting claw control loop...
[2026-04-12 09:42:12] Claw loop recovered — fresh log at /Users/chasefisher/projects/Algo Trading/algo-lab/research/logs/claw_loop_20260412_0942.log
[2026-04-12 11:55:28] Kickstarting claw control loop...
[2026-04-12 11:55:28] Claw loop recovered — fresh log at /Users/chasefisher/projects/Algo Trading/algo-lab/research/logs/claw_loop_20260412_1155.log
[2026-04-12 14:37:27] Kickstarting claw control loop...
[2026-04-12 14:37:27] Claw loop recovered — fresh log at /Users/chasefisher/projects/Algo Trading/algo-lab/research/logs/claw_loop_20260412_1437.log
[2026-04-12 18:11:19] Restarting OpenClaw gateway...
[2026-04-12 18:11:19] Gateway recovery FAILED. Health: 
[2026-04-12 18:11:19] Kickstarting claw control loop...
[2026-04-12 18:11:19] Claw loop recovered — fresh log at /Users/chasefisher/projects/Algo Trading/algo-lab/research/logs/claw_loop_20260412_1811.log
[2026-04-12 20:57:44] CLEARED: gateway recovered after 1 failure(s)
[2026-04-12 20:57:44] Kickstarting claw control loop...
[2026-04-12 20:57:44] Claw loop recovered — fresh log at /Users/chasefisher/projects/Algo Trading/algo-lab/research/logs/claw_loop_20260412_2057.log
[2026-04-13 05:53:31] Kickstarting claw control loop...
[2026-04-13 05:53:31] Claw loop recovered — fresh log at /Users/chasefisher/projects/Algo Trading/algo-lab/research/logs/claw_loop_20260413_0553.log
[2026-04-13 14:27:56] Kickstarting claw control loop...
[2026-04-13 14:27:56] Claw loop recovered — fresh log at /Users/chasefisher/projects/Algo Trading/algo-lab/research/logs/claw_loop_20260413_1427.log
[2026-04-13 18:57:48] Kickstarting claw control loop...
[2026-04-13 18:57:48] Claw loop recovered — fresh log at /Users/chasefisher/projects/Algo Trading/algo-lab/research/logs/claw_loop_20260413_1857.log
[2026-04-13 20:44:46] Kickstarting claw control loop...
[2026-04-13 20:44:46] Claw loop recovered — fresh log at /Users/chasefisher/projects/Algo Trading/algo-lab/research/logs/claw_loop_20260413_2044.log
[2026-04-14 05:16:36] Restarting OpenClaw gateway...
[2026-04-14 05:16:36] Gateway recovery FAILED. Health: 
[2026-04-14 05:22:05] CLEARED: gateway recovered after 1 failure(s)
[2026-04-14 17:32:54] Kickstarting claw control loop...
[2026-04-14 17:32:54] Claw loop recovered — fresh log at /Users/chasefisher/projects/Algo Trading/algo-lab/research/logs/claw_loop_20260414_1732.log
[2026-04-14 20:59:50] Kickstarting claw control loop...
[2026-04-14 20:59:50] Claw loop recovered — fresh log at /Users/chasefisher/projects/Algo Trading/algo-lab/research/logs/claw_loop_20260414_2059.log
[2026-04-14 22:51:45] Kickstarting claw control loop...
[2026-04-14 22:51:45] Claw loop recovered — fresh log at /Users/chasefisher/projects/Algo Trading/algo-lab/research/logs/claw_loop_20260414_2251.log
[2026-04-14 23:42:41] Kickstarting claw control loop...
[2026-04-14 23:42:41] Claw loop recovered — fresh log at /Users/chasefisher/projects/Algo Trading/algo-lab/research/logs/claw_loop_20260414_2342.log
[2026-04-15 01:27:51] Kickstarting claw control loop...
[2026-04-15 01:27:51] Claw loop recovered — fresh log at /Users/chasefisher/projects/Algo Trading/algo-lab/research/logs/claw_loop_20260415_0127.log
[2026-04-16 13:50:40] Restarting OpenClaw gateway...
[2026-04-16 13:50:40] Gateway recovery FAILED. Health: 
[2026-04-16 13:55:55] CLEARED: gateway recovered after 1 failure(s)
[2026-04-17 12:33:31] Kickstarting claw control loop...
[2026-04-17 12:33:31] Claw loop recovered — fresh log at /Users/chasefisher/projects/Algo Trading/algo-lab/research/logs/claw_loop_20260417_1233.log
[2026-04-17 15:07:52] Kickstarting claw control loop...
[2026-04-17 15:07:52] Claw loop recovered — fresh log at /Users/chasefisher/projects/Algo Trading/algo-lab/research/logs/claw_loop_20260417_1507.log
[2026-04-17 16:16:03] Kickstarting claw control loop...
[2026-04-17 16:16:03] Claw loop recovered — fresh log at /Users/chasefisher/projects/Algo Trading/algo-lab/research/logs/claw_loop_20260417_1616.log
[2026-04-18 09:43:36] Kickstarting claw control loop...
[2026-04-18 09:43:36] Claw loop recovered — fresh log at /Users/chasefisher/projects/Algo Trading/algo-lab/research/logs/claw_loop_20260418_0943.log
[2026-04-18 13:15:02] Kickstarting claw control loop...
[2026-04-18 13:15:02] Claw loop recovered — fresh log at /Users/chasefisher/projects/Algo Trading/algo-lab/research/logs/claw_loop_20260418_1315.log
[2026-04-19 11:59:33] Kickstarting claw control loop...
[2026-04-19 11:59:33] Claw loop recovered — fresh log at /Users/chasefisher/projects/Algo Trading/algo-lab/research/logs/claw_loop_20260419_1159.log
[2026-04-19 12:47:14] Kickstarting claw control loop...
[2026-04-19 12:47:14] Claw loop recovered — fresh log at /Users/chasefisher/projects/Algo Trading/algo-lab/research/logs/claw_loop_20260419_1247.log
[2026-04-19 19:51:57] Kickstarting claw control loop...
[2026-04-19 19:51:57] Claw loop recovered — fresh log at /Users/chasefisher/projects/Algo Trading/algo-lab/research/logs/claw_loop_20260419_1951.log
[2026-04-24 07:18:36] Restarting OpenClaw gateway...
[2026-04-24 07:18:36] Gateway recovery FAILED. Health: 
[2026-04-24 07:23:52] CLEARED: gateway recovered after 1 failure(s)
[2026-04-27 07:04:56] Restarting OpenClaw gateway...
[2026-04-27 07:04:56] Gateway recovery FAILED. Health: 
[2026-04-27 07:10:52] Restarting OpenClaw gateway...
[2026-04-27 07:10:52] Gateway recovery FAILED. Health: 
[2026-04-27 07:16:39] CLEARED: gateway recovered after 2 failure(s)
[2026-04-27 12:31:59] Restarting OpenClaw gateway...
[2026-04-27 12:31:59] Gateway recovery FAILED. Health: 
[2026-04-27 12:37:07] CLEARED: gateway recovered after 1 failure(s)
[2026-05-21 05:18:59] Restarting OpenClaw gateway...
[2026-05-21 05:18:59] Gateway recovery FAILED. Health: 
[2026-05-21 05:24:07] CLEARED: gateway recovered after 1 failure(s)
[2026-05-22 18:15:46] Kickstarting claw control loop...
[2026-05-22 18:15:46] Claw loop recovered — fresh log at /Users/chasefisher/projects/Algo Trading/algo-lab/research/logs/claw_loop_20260522_1815.log
[2026-05-23 04:32:15] Kickstarting claw control loop...
[2026-05-23 04:32:15] Claw loop recovered — fresh log at /Users/chasefisher/projects/Algo Trading/algo-lab/research/logs/claw_loop_20260523_0432.log
[2026-05-24 05:26:56] Kickstarting claw control loop...
[2026-05-24 05:26:56] Claw loop recovered — fresh log at /Users/chasefisher/projects/Algo Trading/algo-lab/research/logs/claw_loop_20260524_0526.log
[2026-05-24 06:14:42] Kickstarting claw control loop...
[2026-05-24 06:14:42] Claw loop recovered — fresh log at /Users/chasefisher/projects/Algo Trading/algo-lab/research/logs/claw_loop_20260524_0614.log
[2026-05-25 11:31:23] Kickstarting claw control loop...
[2026-05-25 11:31:23] Claw loop recovered — fresh log at /Users/chasefisher/projects/Algo Trading/algo-lab/research/logs/claw_loop_20260525_1131.log
[2026-05-25 18:01:01] Kickstarting claw control loop...
[2026-05-25 18:01:01] Claw loop recovered — fresh log at /Users/chasefisher/projects/Algo Trading/algo-lab/research/logs/claw_loop_20260525_1801.log
[2026-05-25 21:37:34] Kickstarting claw control loop...
[2026-05-25 21:37:34] Claw loop recovered — fresh log at /Users/chasefisher/projects/Algo Trading/algo-lab/research/logs/claw_loop_20260525_2137.log
[2026-05-27 09:20:57] Kickstarting claw control loop...
[2026-05-27 09:20:57] Claw loop recovered — fresh log at /Users/chasefisher/projects/Algo Trading/algo-lab/research/logs/claw_loop_20260527_0920.log
[2026-05-27 22:10:36] Kickstarting claw control loop...
[2026-05-27 22:10:36] Claw loop recovered — fresh log at /Users/chasefisher/projects/Algo Trading/algo-lab/research/logs/claw_loop_20260527_2210.log
[2026-06-01 05:59:08] Restarting OpenClaw gateway...
[2026-06-01 05:59:08] Gateway recovery FAILED. Health: 
[2026-06-01 06:04:23] CLEARED: gateway recovered after 1 failure(s)
[2026-06-02 13:03:07] Kickstarting claw control loop...
[2026-06-02 13:03:07] Claw loop recovered — fresh log at /Users/chasefisher/projects/Algo Trading/algo-lab/research/logs/claw_loop_20260602_1303.log
[2026-06-03 19:03:38] Kickstarting claw control loop...
[2026-06-03 19:03:38] Claw loop recovered — fresh log at /Users/chasefisher/projects/Algo Trading/algo-lab/research/logs/claw_loop_20260603_1903.log
[2026-06-03 19:51:02] Kickstarting claw control loop...
[2026-06-03 19:51:02] Claw loop recovered — fresh log at /Users/chasefisher/projects/Algo Trading/algo-lab/research/logs/claw_loop_20260603_1951.log
[2026-06-04 05:11:01] Kickstarting claw control loop...
[2026-06-04 05:11:01] Claw loop recovered — fresh log at /Users/chasefisher/projects/Algo Trading/algo-lab/research/logs/claw_loop_20260604_0511.log
[2026-06-04 11:37:14] Kickstarting claw control loop...
[2026-06-04 11:37:14] Claw loop recovered — fresh log at /Users/chasefisher/projects/Algo Trading/algo-lab/research/logs/claw_loop_20260604_1137.log
[2026-06-13 09:18:13] Restarting OpenClaw gateway...
[2026-06-13 09:18:13] Gateway recovery FAILED. Health: 
[2026-06-13 09:23:19] CLEARED: gateway recovered after 1 failure(s)
[2026-06-26 06:35:19] Restarting OpenClaw gateway...
[2026-06-26 06:35:19] Gateway recovery FAILED. Health: 
[2026-06-26 06:40:55] CLEARED: gateway recovered after 1 failure(s)
[2026-07-01 12:20:16] Kickstarting claw control loop...
[2026-07-01 12:20:16] Claw loop recovered — fresh log at /Users/chasefisher/projects/Algo Trading/algo-lab/research/logs/claw_loop_20260701_1220.log
[2026-07-02 07:47:00] Kickstarting claw control loop...
[2026-07-02 07:47:00] Claw loop recovered — fresh log at /Users/chasefisher/projects/Algo Trading/algo-lab/research/logs/claw_loop_20260702_0747.log
[2026-07-02 09:58:31] Kickstarting claw control loop...
[2026-07-02 09:58:31] Claw loop recovered — fresh log at /Users/chasefisher/projects/Algo Trading/algo-lab/research/logs/claw_loop_20260702_0958.log
